// Jest Snapshot v1, https://goo.gl/fbAQLP

exports[`propTypes matches snapshot 1`] = `
Object {
  "className": [Function],
  "dayCount": [Function],
  "dayHeaderRenderer": [Function],
  "displayedInterval": [Function],
  "endMinutes": [Function],
  "id": [Function],
  "minutePrecision": [Function],
  "startMinutes": [Function],
  "timeHeaderRenderer": [Function],
  "translateDay": [Function],
  "translateTime": [Function],
  "weekStart": [Function],
}
`;
